==========================================
Debate System Fix and Test
==========================================


==========================================
Iteration 1/10
Task: Design a REST API for a todo list application with user authentication
==========================================
